Benchmark: duration=30s rps=200 workers=8 pool=500
==========================================================================================

>>> cache_aside / read_heavy (read=80%)
[cache_aside   ] profile=read_heavy   req=35742 thr= 1191.4 rps avg=  6.71ms p95= 19.32ms db=13067 hit= 79.2% errors=0

>>> cache_aside / balanced (read=50%)
[cache_aside   ] profile=balanced     req=34856 thr= 1161.9 rps avg=  6.88ms p95= 18.76ms db=26067 hit= 50.5% errors=0

>>> cache_aside / write_heavy (read=20%)
[cache_aside   ] profile=write_heavy  req=35123 thr= 1170.8 rps avg=  6.83ms p95= 17.21ms db=33709 hit= 20.2% errors=0

>>> write_through / read_heavy (read=80%)
[write_through ] profile=read_heavy   req=34912 thr= 1163.7 rps avg=  6.87ms p95= 19.54ms db= 7067 hit=100.0% errors=0

>>> write_through / balanced (read=50%)
[write_through ] profile=balanced     req=33541 thr= 1118.0 rps avg=  7.15ms p95= 18.89ms db=16743 hit=100.0% errors=0

>>> write_through / write_heavy (read=20%)
[write_through ] profile=write_heavy  req=32487 thr= 1082.9 rps avg=  7.38ms p95= 18.32ms db=25975 hit=100.0% errors=0

>>> write_back / read_heavy (read=80%)
[write_back    ] profile=read_heavy   req=35078 thr= 1169.3 rps avg=  6.84ms p95= 20.45ms db= 1087 hit= 99.0% errors=0
    write-back: flushes=16 flushed_items=800

>>> write_back / balanced (read=50%)
[write_back    ] profile=balanced     req=33294 thr= 1109.8 rps avg=  7.20ms p95= 21.03ms db=  850 hit=100.0% errors=0
    write-back: flushes=17 flushed_items=850

>>> write_back / write_heavy (read=20%)
[write_back    ] profile=write_heavy  req=31145 thr= 1038.2 rps avg=  7.69ms p95= 23.18ms db=  900 hit=100.0% errors=0
    write-back: flushes=18 flushed_items=900

Saved: results/benchmark_results.csv, results/benchmark_results.md, results/benchmark_results.json